// Jest Snapshot v1, https://goo.gl/fbAQLP

exports[`DialogBox Component Snapshot test Renders the UI as expected 1`] = `
<div
  className="Login"
>
  <img
    alt="logo"
    className="logo"
    src="navywhitelogo.png"
  />
  <form
    onSubmit={[Function]}
  >
    <input
      name="email"
      onChange={[Function]}
      placeholder="Enter your email..."
      type="email"
      value=""
    />
    <input
      name="password"
      onChange={[Function]}
      placeholder="Enter your password..."
      type="password"
      value=""
    />
    <button
      className="loginButton"
      type="submit"
    >
      Log In
    </button>
  </form>
  <div
    role="alert"
  />
</div>
`;
