// Jest Snapshot v1, https://goo.gl/fbAQLP

exports[`DashBoard Component Snapshot test Renders the UI as expected 1`] = `
<section
  className="Dashboard"
/>
`;
