// Jest Snapshot v1, https://goo.gl/fbAQLP

exports[`HealthMeter Component Snapshot test Renders the UI as expected 1`] = `
<p>
  H:undefined
</p>
`;
