// Jest Snapshot v1, https://goo.gl/fbAQLP

exports[`MainGame Component Snapshot test Renders the UI as expected 1`] = `
<section
  className="MainGame"
>
  <section
    className="GameWindow"
  >
    <img
      alt="background"
      className="cells"
      src="images/grid/draft1nogrid.png"
    />
    <div
      className="cells"
    >
      <div
        className="cell"
        onClick={[Function]}
      />
      <div
        className="cell"
        onClick={[Function]}
      />
      <div
        className="cell"
        onClick={[Function]}
      />
      <div
        className="cell"
        onClick={[Function]}
      />
      <div
        className="cell"
        onClick={[Function]}
      />
      <div
        className="cell"
        onClick={[Function]}
      />
      <div
        className="cell"
        onClick={[Function]}
      />
      <div
        className="cell"
        onClick={[Function]}
      />
      <div
        className="cell"
        onClick={[Function]}
      />
      <div
        className="cell"
        onClick={[Function]}
      />
      <div
        className="cell"
        onClick={[Function]}
      />
      <div
        className="cell"
        onClick={[Function]}
      />
      <div
        className="action-cell"
        onClick={[Function]}
      >
        <img
          alt="action"
          src="images/pixel-elements/exclamation.png"
        />
      </div>
      <div
        className="cell"
        onClick={[Function]}
      />
      <div
        className="cell"
        onClick={[Function]}
      />
      <div
        className="action-cell"
        onClick={[Function]}
      >
        <img
          alt="action"
          src="images/pixel-elements/exclamation.png"
        />
      </div>
      <div
        className="cell"
        onClick={[Function]}
      />
      <div
        className="cell"
        onClick={[Function]}
      />
      <div
        className="cell"
        onClick={[Function]}
      />
      <div
        className="cell"
        onClick={[Function]}
      />
      <div
        className="cell"
        onClick={[Function]}
      />
      <div
        className="cell"
        onClick={[Function]}
      />
      <div
        className="cell"
        onClick={[Function]}
      />
      <div
        className="cell"
        onClick={[Function]}
      />
      <div
        className="cell"
        onClick={[Function]}
      />
      <div
        className="cell"
        onClick={[Function]}
      />
      <div
        className="cell"
        onClick={[Function]}
      />
      <div
        className="cell"
        onClick={[Function]}
      />
      <div
        className="cell"
        onClick={[Function]}
      />
      <div
        className="cell"
        onClick={[Function]}
      />
      <div
        className="cell"
        onClick={[Function]}
      />
      <div
        className="cell"
        onClick={[Function]}
      />
      <div
        className="cell"
        onClick={[Function]}
      />
      <div
        className="cell"
        onClick={[Function]}
      />
      <div
        className="cell"
        onClick={[Function]}
      />
      <div
        className="cell"
        onClick={[Function]}
      />
      <div
        className="cell"
        onClick={[Function]}
      />
      <div
        className="cell"
        onClick={[Function]}
      />
      <div
        className="cell"
        onClick={[Function]}
      />
      <div
        className="cell"
        onClick={[Function]}
      />
      <div
        className="cell"
        onClick={[Function]}
      />
      <div
        className="cell"
        onClick={[Function]}
      />
      <div
        className="action-cell"
        onClick={[Function]}
      >
        <img
          alt="action"
          src="images/pixel-elements/exclamation.png"
        />
      </div>
      <div
        className="action-cell"
        onClick={[Function]}
      >
        <img
          alt="action"
          src="images/pixel-elements/exclamation.png"
        />
      </div>
      <div
        className="cell"
        onClick={[Function]}
      />
      <div
        className="cell"
        onClick={[Function]}
      />
      <div
        className="cell"
        onClick={[Function]}
      />
      <div
        className="cell"
        onClick={[Function]}
      />
      <div
        className="cell"
        onClick={[Function]}
      />
      <div
        className="cell"
        onClick={[Function]}
      />
      <div
        className="cell"
        onClick={[Function]}
      />
      <div
        className="cell"
        onClick={[Function]}
      />
      <div
        className="cell"
        onClick={[Function]}
      />
      <div
        className="cell"
        onClick={[Function]}
      />
      <div
        className="cell"
        onClick={[Function]}
      />
      <div
        className="cell"
        onClick={[Function]}
      />
      <div
        className="cell"
        onClick={[Function]}
      />
      <div
        className="cell"
        onClick={[Function]}
      />
      <div
        className="cell"
        onClick={[Function]}
      />
      <div
        className="cell"
        onClick={[Function]}
      />
      <div
        className="cell"
        onClick={[Function]}
      />
      <div
        className="cell"
        onClick={[Function]}
      />
      <div
        className="cell"
        onClick={[Function]}
      />
      <div
        className="cell"
        onClick={[Function]}
      />
      <div
        className="cell"
        onClick={[Function]}
      />
      <div
        className="cell"
        onClick={[Function]}
      />
      <div
        className="cell"
        onClick={[Function]}
      />
      <div
        className="cell"
        onClick={[Function]}
      />
      <div
        className="cell"
        onClick={[Function]}
      />
      <div
        className="cell"
        onClick={[Function]}
      />
      <div
        className="cell"
        onClick={[Function]}
      />
      <div
        className="cell"
        onClick={[Function]}
      />
      <div
        className="cell"
        onClick={[Function]}
      />
      <div
        className="cell"
        onClick={[Function]}
      />
      <div
        className="cell"
        onClick={[Function]}
      />
      <div
        className="cell"
        onClick={[Function]}
      />
      <div
        className="cell"
        onClick={[Function]}
      />
      <div
        className="cell"
        onClick={[Function]}
      />
      <div
        className="cell"
        onClick={[Function]}
      />
      <div
        className="cell"
        onClick={[Function]}
      />
      <div
        className="cell"
        onClick={[Function]}
      />
      <div
        className="cell"
        onClick={[Function]}
      />
      <div
        className="cell"
        onClick={[Function]}
      />
      <div
        className="cell"
        onClick={[Function]}
      />
      <div
        className="cell"
        onClick={[Function]}
      />
      <div
        className="cell"
        onClick={[Function]}
      />
      <div
        className="cell"
        onClick={[Function]}
      />
      <div
        className="cell"
        onClick={[Function]}
      />
      <div
        className="cell"
        onClick={[Function]}
      />
      <div
        className="cell"
        onClick={[Function]}
      />
      <div
        className="cell"
        onClick={[Function]}
      />
      <div
        className="cell"
        onClick={[Function]}
      />
      <div
        className="cell"
        onClick={[Function]}
      />
      <div
        className="cell"
        onClick={[Function]}
      />
      <div
        className="cell"
        onClick={[Function]}
      />
      <div
        className="cell"
        onClick={[Function]}
      />
      <div
        className="cell"
        onClick={[Function]}
      />
      <div
        className="cell"
        onClick={[Function]}
      />
      <div
        className="cell"
        onClick={[Function]}
      />
      <div
        className="cell"
        onClick={[Function]}
      />
    </div>
    <div
      className="player-animation"
    >
      <img
        alt="player"
        className="Player"
        src="/images/characters/c1/c1right2.png"
      />
    </div>
    <div
      className="UI"
    >
      <div>
        <p>
          Day 0
        </p>
        <p>
          00:00
        </p>
      </div>
      <p>
        M:$0
      </p>
      <p>
        S:0
      </p>
      <p>
        H:0
      </p>
    </div>
  </section>
</section>
`;
