// Jest Snapshot v1, https://goo.gl/fbAQLP

exports[`SanityMeter Component Snapshot test Renders the UI as expected 1`] = `
<p>
  S:undefined
</p>
`;
